<p>i am a widget John Uphoff</p>
<p>i am a widget Richard McKinley</p>
